// Jest Snapshot v1, https://goo.gl/fbAQLP

exports[`Renders 1`] = `
<View
  accessible={true}
  focusable={false}
  onClick={[Function]}
  onResponderGrant={[Function]}
  onResponderMove={[Function]}
  onResponderRelease={[Function]}
  onResponderTerminate={[Function]}
  onResponderTerminationRequest={[Function]}
  onStartShouldSetResponder={[Function]}
  style={
    Array [
      Object {
        "borderRadius": 22,
      },
    ]
  }
>
  <View
    style={
      Array [
        Object {
          "alignItems": "center",
          "alignSelf": "flex-start",
          "backgroundColor": "#3BA9ED",
          "borderRadius": 22,
          "display": "flex",
          "elevation": 12,
          "flexWrap": "nowrap",
          "minWidth": 100,
          "paddingBottom": 12,
          "paddingLeft": 20,
          "paddingRight": 20,
          "paddingTop": 12,
          "shadowColor": "black",
          "shadowOpacity": 0.15,
          "shadowRadius": 12,
        },
      ]
    }
  >
    <Text
      style={
        Array [
          Object {
            "color": "white",
            "fontSize": 16,
            "fontWeight": "bold",
          },
        ]
      }
    >
      Test tags!
    </Text>
  </View>
</View>
`;
